// Jest Snapshot v1, https://goo.gl/fbAQLP

exports[`Book should 1`] = `
<article
  className="book"
>
  <img
    alt="Cover for Good Omens"
    className="card-cover"
    src="https://images/good"
  />
  <section
    className="card-info"
  >
    <p
      className="book-name"
    >
      Good Omens
    </p>
    <p
      className="author-name"
    >
      Neil Gaiman
    </p>
    <Link
      className="link"
      to="/book/42"
    >
      <p
        className="details-link"
      >
        Click for details
      </p>
    </Link>
  </section>
  <button
    className="btn"
    onClick={[Function]}
  >
    Favorite
  </button>
</article>
`;
